Archive member included to satisfy reference by file (symbol)

c:/st/stm32cubeide_1.3.0/stm32cubeide/plugins/com.st.stm32cube.ide.mcu.externaltools.gnu-tools-for-stm32.7-2018-q2-update.win32_1.0.0.201904181610/tools/bin/../lib/gcc/arm-none-eabi/7.3.1/../../../../arm-none-eabi/lib/thumb/v7-m\libc_nano.a(lib_a-calloc.o)
                              Core/Src/ws2812b.o (calloc)
c:/st/stm32cubeide_1.3.0/stm32cubeide/plugins/com.st.stm32cube.ide.mcu.externaltools.gnu-tools-for-stm32.7-2018-q2-update.win32_1.0.0.201904181610/tools/bin/../lib/gcc/arm-none-eabi/7.3.1/../../../../arm-none-eabi/lib/thumb/v7-m\libc_nano.a(lib_a-errno.o)
                              Core/Src/syscalls.o (__errno)
c:/st/stm32cubeide_1.3.0/stm32cubeide/plugins/com.st.stm32cube.ide.mcu.externaltools.gnu-tools-for-stm32.7-2018-q2-update.win32_1.0.0.201904181610/tools/bin/../lib/gcc/arm-none-eabi/7.3.1/../../../../arm-none-eabi/lib/thumb/v7-m\libc_nano.a(lib_a-exit.o)
                              c:/st/stm32cubeide_1.3.0/stm32cubeide/plugins/com.st.stm32cube.ide.mcu.externaltools.gnu-tools-for-stm32.7-2018-q2-update.win32_1.0.0.201904181610/tools/bin/../lib/gcc/arm-none-eabi/7.3.1/../../../../arm-none-eabi/lib/thumb/v7-m/crt0.o (exit)
c:/st/stm32cubeide_1.3.0/stm32cubeide/plugins/com.st.stm32cube.ide.mcu.externaltools.gnu-tools-for-stm32.7-2018-q2-update.win32_1.0.0.201904181610/tools/bin/../lib/gcc/arm-none-eabi/7.3.1/../../../../arm-none-eabi/lib/thumb/v7-m\libc_nano.a(lib_a-impure.o)
                              c:/st/stm32cubeide_1.3.0/stm32cubeide/plugins/com.st.stm32cube.ide.mcu.externaltools.gnu-tools-for-stm32.7-2018-q2-update.win32_1.0.0.201904181610/tools/bin/../lib/gcc/arm-none-eabi/7.3.1/../../../../arm-none-eabi/lib/thumb/v7-m\libc_nano.a(lib_a-exit.o) (_global_impure_ptr)
c:/st/stm32cubeide_1.3.0/stm32cubeide/plugins/com.st.stm32cube.ide.mcu.externaltools.gnu-tools-for-stm32.7-2018-q2-update.win32_1.0.0.201904181610/tools/bin/../lib/gcc/arm-none-eabi/7.3.1/../../../../arm-none-eabi/lib/thumb/v7-m\libc_nano.a(lib_a-init.o)
                              c:/st/stm32cubeide_1.3.0/stm32cubeide/plugins/com.st.stm32cube.ide.mcu.externaltools.gnu-tools-for-stm32.7-2018-q2-update.win32_1.0.0.201904181610/tools/bin/../lib/gcc/arm-none-eabi/7.3.1/../../../../arm-none-eabi/lib/thumb/v7-m/crt0.o (__libc_init_array)
c:/st/stm32cubeide_1.3.0/stm32cubeide/plugins/com.st.stm32cube.ide.mcu.externaltools.gnu-tools-for-stm32.7-2018-q2-update.win32_1.0.0.201904181610/tools/bin/../lib/gcc/arm-none-eabi/7.3.1/../../../../arm-none-eabi/lib/thumb/v7-m\libc_nano.a(lib_a-memset.o)
                              c:/st/stm32cubeide_1.3.0/stm32cubeide/plugins/com.st.stm32cube.ide.mcu.externaltools.gnu-tools-for-stm32.7-2018-q2-update.win32_1.0.0.201904181610/tools/bin/../lib/gcc/arm-none-eabi/7.3.1/../../../../arm-none-eabi/lib/thumb/v7-m/crt0.o (memset)
c:/st/stm32cubeide_1.3.0/stm32cubeide/plugins/com.st.stm32cube.ide.mcu.externaltools.gnu-tools-for-stm32.7-2018-q2-update.win32_1.0.0.201904181610/tools/bin/../lib/gcc/arm-none-eabi/7.3.1/../../../../arm-none-eabi/lib/thumb/v7-m\libc_nano.a(lib_a-nano-callocr.o)
                              c:/st/stm32cubeide_1.3.0/stm32cubeide/plugins/com.st.stm32cube.ide.mcu.externaltools.gnu-tools-for-stm32.7-2018-q2-update.win32_1.0.0.201904181610/tools/bin/../lib/gcc/arm-none-eabi/7.3.1/../../../../arm-none-eabi/lib/thumb/v7-m\libc_nano.a(lib_a-calloc.o) (_calloc_r)
c:/st/stm32cubeide_1.3.0/stm32cubeide/plugins/com.st.stm32cube.ide.mcu.externaltools.gnu-tools-for-stm32.7-2018-q2-update.win32_1.0.0.201904181610/tools/bin/../lib/gcc/arm-none-eabi/7.3.1/../../../../arm-none-eabi/lib/thumb/v7-m\libc_nano.a(lib_a-nano-mallocr.o)
                              c:/st/stm32cubeide_1.3.0/stm32cubeide/plugins/com.st.stm32cube.ide.mcu.externaltools.gnu-tools-for-stm32.7-2018-q2-update.win32_1.0.0.201904181610/tools/bin/../lib/gcc/arm-none-eabi/7.3.1/../../../../arm-none-eabi/lib/thumb/v7-m\libc_nano.a(lib_a-nano-callocr.o) (_malloc_r)
c:/st/stm32cubeide_1.3.0/stm32cubeide/plugins/com.st.stm32cube.ide.mcu.externaltools.gnu-tools-for-stm32.7-2018-q2-update.win32_1.0.0.201904181610/tools/bin/../lib/gcc/arm-none-eabi/7.3.1/../../../../arm-none-eabi/lib/thumb/v7-m\libc_nano.a(lib_a-sbrkr.o)
                              c:/st/stm32cubeide_1.3.0/stm32cubeide/plugins/com.st.stm32cube.ide.mcu.externaltools.gnu-tools-for-stm32.7-2018-q2-update.win32_1.0.0.201904181610/tools/bin/../lib/gcc/arm-none-eabi/7.3.1/../../../../arm-none-eabi/lib/thumb/v7-m\libc_nano.a(lib_a-nano-mallocr.o) (_sbrk_r)
c:/st/stm32cubeide_1.3.0/stm32cubeide/plugins/com.st.stm32cube.ide.mcu.externaltools.gnu-tools-for-stm32.7-2018-q2-update.win32_1.0.0.201904181610/tools/bin/../lib/gcc/arm-none-eabi/7.3.1/../../../../arm-none-eabi/lib/thumb/v7-m\libc_nano.a(lib_a-mlock.o)
[...]
Memory Configuration

Name             Origin             Length             Attributes
RAM              0x0000000020000000 0x0000000000005000 xrw
FLASH            0x0000000008000000 0x0000000000010000 xr
*default*        0x0000000000000000 0xffffffffffffffff

Linker script and memory map

LOAD c:/st/stm32cubeide_1.3.0/stm32cubeide/plugins/com.st.stm32cube.ide.mcu.externaltools.gnu-tools-for-stm32.7-2018-q2-update.win32_1.0.0.201904181610/tools/bin/../lib/gcc/arm-none-eabi/7.3.1/thumb/v7-m/crti.o
LOAD c:/st/stm32cubeide_1.3.0/stm32cubeide/plugins/com.st.stm32cube.ide.mcu.externaltools.gnu-tools-for-stm32.7-2018-q2-update.win32_1.0.0.201904181610/tools/bin/../lib/gcc/arm-none-eabi/7.3.1/thumb/v7-m/crtbegin.o
LOAD c:/st/stm32cubeide_1.3.0/stm32cubeide/plugins/com.st.stm32cube.ide.mcu.externaltools.gnu-tools-for-stm32.7-2018-q2-update.win32_1.0.0.201904181610/tools/bin/../lib/gcc/arm-none-eabi/7.3.1/../../../../arm-none-eabi/lib/thumb/v7-m/crt0.o
LOAD Core/Src/emka_fotodetector.o
LOAD Core/Src/emka_led_clock.o
LOAD Core/Src/main.o
LOAD Core/Src/stm32f1xx_hal_msp.o
LOAD Core/Src/stm32f1xx_it.o
LOAD Core/Src/syscalls.o
LOAD Core/Src/sysmem.o
LOAD Core/Src/system_stm32f1xx.o
LOAD Core/Src/ws2812b.o
LOAD Core/Startup/startup_stm32f103c8tx.o
LOAD Drivers/STM32F1xx_HAL_Driver/Src/stm32f1xx_hal.o
LOAD Drivers/STM32F1xx_HAL_Driver/Src/stm32f1xx_hal_adc.o
LOAD Drivers/STM32F1xx_HAL_Driver/Src/stm32f1xx_hal_adc_ex.o
LOAD Drivers/STM32F1xx_HAL_Driver/Src/stm32f1xx_hal_cortex.o
LOAD Drivers/STM32F1xx_HAL_Driver/Src/stm32f1xx_hal_dma.o
LOAD Drivers/STM32F1xx_HAL_Driver/Src/stm32f1xx_hal_exti.o
LOAD Drivers/STM32F1xx_HAL_Driver/Src/stm32f1xx_hal_flash.o
LOAD Drivers/STM32F1xx_HAL_Driver/Src/stm32f1xx_hal_flash_ex.o
LOAD Drivers/STM32F1xx_HAL_Driver/Src/stm32f1xx_hal_gpio.o
LOAD Drivers/STM32F1xx_HAL_Driver/Src/stm32f1xx_hal_gpio_ex.o
LOAD Drivers/STM32F1xx_HAL_Driver/Src/stm32f1xx_hal_pwr.o
LOAD Drivers/STM32F1xx_HAL_Driver/Src/stm32f1xx_hal_rcc.o
LOAD Drivers/STM32F1xx_HAL_Driver/Src/stm32f1xx_hal_rcc_ex.o
LOAD Drivers/STM32F1xx_HAL_Driver/Src/stm32f1xx_hal_rtc.o
LOAD Drivers/STM32F1xx_HAL_Driver/Src/stm32f1xx_hal_rtc_ex.o
LOAD Drivers/STM32F1xx_HAL_Driver/Src/stm32f1xx_hal_spi.o
LOAD Drivers/STM32F1xx_HAL_Driver/Src/stm32f1xx_hal_tim.o
LOAD Drivers/STM32F1xx_HAL_Driver/Src/stm32f1xx_hal_tim_ex.o
START GROUP
LOAD c:/st/stm32cubeide_1.3.0/stm32cubeide/plugins/com.st.stm32cube.ide.mcu.externaltools.gnu-tools-for-stm32.7-2018-q2-update.win32_1.0.0.201904181610/tools/bin/../lib/gcc/arm-none-eabi/7.3.1/../../../../arm-none-eabi/lib/thumb/v7-m\libc_nano.a
LOAD c:/st/stm32cubeide_1.3.0/stm32cubeide/plugins/com.st.stm32cube.ide.mcu.externaltools.gnu-tools-for-stm32.7-2018-q2-update.win32_1.0.0.201904181610/tools/bin/../lib/gcc/arm-none-eabi/7.3.1/../../../../arm-none-eabi/lib/thumb/v7-m\libm.a
END GROUP
START GROUP
LOAD c:/st/stm32cubeide_1.3.0/stm32cubeide/plugins/com.st.stm32cube.ide.mcu.externaltools.gnu-tools-for-stm32.7-2018-q2-update.win32_1.0.0.201904181610/tools/bin/../lib/gcc/arm-none-eabi/7.3.1/thumb/v7-m\libgcc.a
LOAD c:/st/stm32cubeide_1.3.0/stm32cubeide/plugins/com.st.stm32cube.ide.mcu.externaltools.gnu-tools-for-stm32.7-2018-q2-update.win32_1.0.0.201904181610/tools/bin/../lib/gcc/arm-none-eabi/7.3.1/../../../../arm-none-eabi/lib/thumb/v7-m\libc_nano.a
END GROUP
START GROUP
LOAD c:/st/stm32cubeide_1.3.0/stm32cubeide/plugins/com.st.stm32cube.ide.mcu.externaltools.gnu-tools-for-stm32.7-2018-q2-update.win32_1.0.0.201904181610/tools/bin/../lib/gcc/arm-none-eabi/7.3.1/thumb/v7-m\libgcc.a
LOAD c:/st/stm32cubeide_1.3.0/stm32cubeide/plugins/com.st.stm32cube.ide.mcu.externaltools.gnu-tools-for-stm32.7-2018-q2-update.win32_1.0.0.201904181610/tools/bin/../lib/gcc/arm-none-eabi/7.3.1/../../../../arm-none-eabi/lib/thumb/v7-m\libc_nano.a
LOAD c:/st/stm32cubeide_1.3.0/stm32cubeide/plugins/com.st.stm32cube.ide.mcu.externaltools.gnu-tools-for-stm32.7-2018-q2-update.win32_1.0.0.201904181610/tools/bin/../lib/gcc/arm-none-eabi/7.3.1/../../../../arm-none-eabi/lib/thumb/v7-m\libnosys.a
END GROUP
START GROUP
LOAD c:/st/stm32cubeide_1.3.0/stm32cubeide/plugins/com.st.stm32cube.ide.mcu.externaltools.gnu-tools-for-stm32.7-2018-q2-update.win32_1.0.0.201904181610/tools/bin/../lib/gcc/arm-none-eabi/7.3.1/thumb/v7-m\libgcc.a
LOAD c:/st/stm32cubeide_1.3.0/stm32cubeide/plugins/com.st.stm32cube.ide.mcu.externaltools.gnu-tools-for-stm32.7-2018-q2-update.win32_1.0.0.201904181610/tools/bin/../lib/gcc/arm-none-eabi/7.3.1/../../../../arm-none-eabi/lib/thumb/v7-m\libc_nano.a
LOAD c:/st/stm32cubeide_1.3.0/stm32cubeide/plugins/com.st.stm32cube.ide.mcu.externaltools.gnu-tools-for-stm32.7-2018-q2-update.win32_1.0.0.201904181610/tools/bin/../lib/gcc/arm-none-eabi/7.3.1/../../../../arm-none-eabi/lib/thumb/v7-m\libnosys.a
END GROUP
LOAD c:/st/stm32cubeide_1.3.0/stm32cubeide/plugins/com.st.stm32cube.ide.mcu.externaltools.gnu-tools-for-stm32.7-2018-q2-update.win32_1.0.0.201904181610/tools/bin/../lib/gcc/arm-none-eabi/7.3.1/thumb/v7-m/crtend.o
LOAD c:/st/stm32cubeide_1.3.0/stm32cubeide/plugins/com.st.stm32cube.ide.mcu.externaltools.gnu-tools-for-stm32.7-2018-q2-update.win32_1.0.0.201904181610/tools/bin/../lib/gcc/arm-none-eabi/7.3.1/thumb/v7-m/crtn.o
                0x0000000020005000                _estack = (ORIGIN (RAM) + LENGTH (RAM))
                0x0000000000000200                _Min_Heap_Size = 0x200
                0x0000000000000400                _Min_Stack_Size = 0x400

.isr_vector     0x0000000008000000      0x10c
                0x0000000008000000                . = ALIGN (0x4)
 *(.isr_vector)
 .isr_vector    0x0000000008000000      0x10c Core/Startup/startup_stm32f103c8tx.o
                0x0000000008000000                g_pfnVectors
                0x000000000800010c                . = ALIGN (0x4)

.text           0x000000000800010c     0x3bf4
                0x000000000800010c                . = ALIGN (0x4)
 *(.text)
 .text          0x000000000800010c       0x40 c:/st/stm32cubeide_1.3.0/stm32cubeide/plugins/com.st.stm32cube.ide.mcu.externaltools.gnu-tools-for-stm32.7-2018-q2-update.win32_1.0.0.201904181610/tools/bin/../lib/gcc/arm-none-eabi/7.3.1/thumb/v7-m/crtbegin.o
 *(.text*)
 .text.emka_fotodetector_init
                0x000000000800014c       0x28 Core/Src/emka_fotodetector.o
                0x000000000800014c                emka_fotodetector_init
 .text.fd_sensor_start
                0x0000000008000174       0x1c Core/Src/emka_fotodetector.o
                0x0000000008000174                fd_sensor_start
 .text.emka_clock_system_init
                0x0000000008000190       0x5c Core/Src/emka_led_clock.o
                0x0000000008000190                emka_clock_system_init
 .text.init_led_colors
                0x00000000080001ec       0xc4 Core/Src/emka_led_clock.o
                0x00000000080001ec                init_led_colors
 .text.update_display_number
                0x00000000080002b0       0xc4 Core/Src/emka_led_clock.o
                0x00000000080002b0                update_display_number
 .text.update_display_time
                0x0000000008000374       0x80 Core/Src/emka_led_clock.o
                0x0000000008000374                update_display_time
 .text.set_led_buffer
                0x00000000080003f4      0x21c Core/Src/emka_led_clock.o
                0x00000000080003f4                set_led_buffer
 .text.color_switch_routine
                0x0000000008000610       0xe8 Core/Src/emka_led_clock.o
                0x0000000008000610                color_switch_routine
 .text.emka_clock_routine
                0x00000000080006f8       0x50 Core/Src/emka_led_clock.o
                0x00000000080006f8                emka_clock_routine
 .text.set_lum  0x0000000008000748       0xa4 Core/Src/emka_led_clock.o
                0x0000000008000748                set_lum
 .text.main     0x00000000080007ec      0x290 Core/Src/main.o
                0x00000000080007ec                main
 .text.SystemClock_Config
                0x0000000008000a7c       0xc0 Core/Src/main.o
                0x0000000008000a7c                SystemClock_Config
 .text.MX_ADC1_Init
                0x0000000008000b3c       0x7c Core/Src/main.o
 .text.MX_RTC_Init
                0x0000000008000bb8       0x94 Core/Src/main.o
 .text.MX_SPI1_Init
                0x0000000008000c4c       0x6c Core/Src/main.o
 .text.MX_GPIO_Init
                0x0000000008000cb8       0xcc Core/Src/main.o
 .text.Error_Handler
                0x0000000008000d84        0xc Core/Src/main.o
                0x0000000008000d84                Error_Handler
 .text.HAL_MspInit
                0x0000000008000d90       0x64 Core/Src/stm32f1xx_hal_msp.o
                0x0000000008000d90                HAL_MspInit
 .text.HAL_ADC_MspInit
                0x0000000008000df4       0x88 Core/Src/stm32f1xx_hal_msp.o
                0x0000000008000df4                HAL_ADC_MspInit
 .text.HAL_RTC_MspInit
                0x0000000008000e7c       0x48 Core/Src/stm32f1xx_hal_msp.o
                0x0000000008000e7c                HAL_RTC_MspInit
 .text.HAL_SPI_MspInit
                0x0000000008000ec4       0x7c Core/Src/stm32f1xx_hal_msp.o
                0x0000000008000ec4                HAL_SPI_MspInit
 .text.NMI_Handler
                0x0000000008000f40        0xc Core/Src/stm32f1xx_it.o
                0x0000000008000f40                NMI_Handler
 .text.HardFault_Handler
                0x0000000008000f4c        0x6 Core/Src/stm32f1xx_it.o
                0x0000000008000f4c                HardFault_Handler
 .text.MemManage_Handler
                0x0000000008000f52        0x6 Core/Src/stm32f1xx_it.o
                0x0000000008000f52                MemManage_Handler
 .text.BusFault_Handler
                0x0000000008000f58        0x6 Core/Src/stm32f1xx_it.o
                0x0000000008000f58                BusFault_Handler
 .text.UsageFault_Handler
                0x0000000008000f5e        0x6 Core/Src/stm32f1xx_it.o
                0x0000000008000f5e                UsageFault_Handler
 .text.SVC_Handler
                0x0000000008000f64        0xc Core/Src/stm32f1xx_it.o
                0x0000000008000f64                SVC_Handler
 .text.DebugMon_Handler
                0x0000000008000f70        0xc Core/Src/stm32f1xx_it.o
                0x0000000008000f70                DebugMon_Handler
 .text.PendSV_Handler
                0x0000000008000f7c        0xc Core/Src/stm32f1xx_it.o
                0x0000000008000f7c                PendSV_Handler
 .text.SysTick_Handler
                0x0000000008000f88        0xc Core/Src/stm32f1xx_it.o
                0x0000000008000f88                SysTick_Handler
 .text.ADC1_2_IRQHandler
                0x0000000008000f94       0x28 Core/Src/stm32f1xx_it.o
                0x0000000008000f94                ADC1_2_IRQHandler
 .text._sbrk    0x0000000008000fbc       0x58 Core/Src/sysmem.o
                0x0000000008000fbc                _sbrk
 .text.SystemInit
                0x0000000008001014        0xc Core/Src/system_stm32f1xx.o
                0x0000000008001014                SystemInit
 .text.ws2812b_init
                0x0000000008001020       0x3c Core/Src/ws2812b.o
                0x0000000008001020                ws2812b_init
 .text.ws2812b_set_diode_color
                0x000000000800105c       0x32 Core/Src/ws2812b.o
                0x000000000800105c                ws2812b_set_diode_color
 .text.ws2812b_refresh
                0x000000000800108e      0x1ae Core/Src/ws2812b.o
                0x000000000800108e                ws2812b_refresh
 .text.Reset_Handler
                0x000000000800123c       0x48 Core/Startup/startup_stm32f103c8tx.o
                0x000000000800123c                Reset_Handler
 .text.Default_Handler
                0x0000000008001284        0x2 Core/Startup/startup_stm32f103c8tx.o
                0x0000000008001284                RTC_Alarm_IRQHandler
                0x0000000008001284                EXTI2_IRQHandler
                0x0000000008001284                TIM1_CC_IRQHandler
                0x0000000008001284                PVD_IRQHandler
                0x0000000008001284                EXTI3_IRQHandler
                0x0000000008001284                EXTI0_IRQHandler
                0x0000000008001284                I2C2_EV_IRQHandler
                0x0000000008001284                SPI1_IRQHandler
                0x0000000008001284                TAMPER_IRQHandler
                0x0000000008001284                DMA1_Channel4_IRQHandler
                0x0000000008001284                USART3_IRQHandler
                0x0000000008001284                RTC_IRQHandler
                0x0000000008001284                DMA1_Channel7_IRQHandler
                0x0000000008001284                CAN1_RX1_IRQHandler
                0x0000000008001284                TIM4_IRQHandler
                0x0000000008001284                I2C1_EV_IRQHandler
                0x0000000008001284                DMA1_Channel6_IRQHandler
                0x0000000008001284                TIM3_IRQHandler
                0x0000000008001284                RCC_IRQHandler
                0x0000000008001284                TIM1_TRG_COM_IRQHandler
                0x0000000008001284                DMA1_Channel1_IRQHandler
                0x0000000008001284                Default_Handler
                0x0000000008001284                EXTI15_10_IRQHandler
                0x0000000008001284                EXTI9_5_IRQHandler
                0x0000000008001284                SPI2_IRQHandler
                0x0000000008001284                DMA1_Channel5_IRQHandler
                0x0000000008001284                EXTI4_IRQHandler
                0x0000000008001284                USB_LP_CAN1_RX0_IRQHandler
                0x0000000008001284                USB_HP_CAN1_TX_IRQHandler
                0x0000000008001284                DMA1_Channel3_IRQHandler
                0x0000000008001284                TIM1_UP_IRQHandler
                0x0000000008001284                WWDG_IRQHandler
                0x0000000008001284                TIM2_IRQHandler
                0x0000000008001284                TIM1_BRK_IRQHandler
                0x0000000008001284                EXTI1_IRQHandler
                0x0000000008001284                USART2_IRQHandler
                0x0000000008001284                I2C2_ER_IRQHandler
                0x0000000008001284                DMA1_Channel2_IRQHandler
                0x0000000008001284                CAN1_SCE_IRQHandler
                0x0000000008001284                FLASH_IRQHandler
                0x0000000008001284                USART1_IRQHandler
                0x0000000008001284                I2C1_ER_IRQHandler
                0x0000000008001284                USBWakeUp_IRQHandler
 *fill*         0x0000000008001286        0x2 
 .text.HAL_Init
                0x0000000008001288       0x2c Drivers/STM32F1xx_HAL_Driver/Src/stm32f1xx_hal.o
                0x0000000008001288                HAL_Init
 .text.HAL_InitTick
                0x00000000080012b4       0x60 Drivers/STM32F1xx_HAL_Driver/Src/stm32f1xx_hal.o
                0x00000000080012b4                HAL_InitTick
 .text.HAL_IncTick
                0x0000000008001314       0x24 Drivers/STM32F1xx_HAL_Driver/Src/stm32f1xx_hal.o
                0x0000000008001314                HAL_IncTick
 .text.HAL_GetTick
                0x0000000008001338       0x14 Drivers/STM32F1xx_HAL_Driver/Src/stm32f1xx_hal.o
                0x0000000008001338                HAL_GetTick
 .text.HAL_Delay
                0x000000000800134c       0x44 Drivers/STM32F1xx_HAL_Driver/Src/stm32f1xx_hal.o
                0x000000000800134c                HAL_Delay
 .text.HAL_ADC_Init
                0x0000000008001390      0x1b0 Drivers/STM32F1xx_HAL_Driver/Src/stm32f1xx_hal_adc.o
                0x0000000008001390                HAL_ADC_Init
 .text.HAL_ADC_Start_IT
                0x0000000008001540      0x16c Drivers/STM32F1xx_HAL_Driver/Src/stm32f1xx_hal_adc.o
                0x0000000008001540                HAL_ADC_Start_IT
 .text.HAL_ADC_GetValue
                0x00000000080016ac       0x18 Drivers/STM32F1xx_HAL_Driver/Src/stm32f1xx_hal_adc.o
                0x00000000080016ac                HAL_ADC_GetValue
 .text.HAL_ADC_IRQHandler
                0x00000000080016c4      0x186 Drivers/STM32F1xx_HAL_Driver/Src/stm32f1xx_hal_adc.o
                0x00000000080016c4                HAL_ADC_IRQHandler
 .text.HAL_ADC_ConvCpltCallback
                0x000000000800184a       0x12 Drivers/STM32F1xx_HAL_Driver/Src/stm32f1xx_hal_adc.o
                0x000000000800184a                HAL_ADC_ConvCpltCallback
 .text.HAL_ADC_LevelOutOfWindowCallback
                0x000000000800185c       0x12 Drivers/STM32F1xx_HAL_Driver/Src/stm32f1xx_hal_adc.o
                0x000000000800185c                HAL_ADC_LevelOutOfWindowCallback
 *fill*         0x000000000800186e        0x2 
 .text.HAL_ADC_ConfigChannel
                0x0000000008001870      0x1f0 Drivers/STM32F1xx_HAL_Driver/Src/stm32f1xx_hal_adc.o
                0x0000000008001870                HAL_ADC_ConfigChannel
 .text.ADC_Enable
                0x0000000008001a60       0xa4 Drivers/STM32F1xx_HAL_Driver/Src/stm32f1xx_hal_adc.o
                0x0000000008001a60                ADC_Enable
 .text.ADC_ConversionStop_Disable
                0x0000000008001b04       0x74 Drivers/STM32F1xx_HAL_Driver/Src/stm32f1xx_hal_adc.o
                0x0000000008001b04                ADC_ConversionStop_Disable
 .text.HAL_ADCEx_InjectedConvCpltCallback
                0x0000000008001b78       0x12 Drivers/STM32F1xx_HAL_Driver/Src/stm32f1xx_hal_adc_ex.o
                0x0000000008001b78                HAL_ADCEx_InjectedConvCpltCallback
 *fill*         0x0000000008001b8a        0x2 
 .text.__NVIC_SetPriorityGrouping
                0x0000000008001b8c       0x48 Drivers/STM32F1xx_HAL_Driver/Src/stm32f1xx_hal_cortex.o
 .text.__NVIC_GetPriorityGrouping
                0x0000000008001bd4       0x1c Drivers/STM32F1xx_HAL_Driver/Src/stm32f1xx_hal_cortex.o
 .text.__NVIC_EnableIRQ
                0x0000000008001bf0       0x38 Drivers/STM32F1xx_HAL_Driver/Src/stm32f1xx_hal_cortex.o
 .text.__NVIC_SetPriority
                0x0000000008001c28       0x54 Drivers/STM32F1xx_HAL_Driver/Src/stm32f1xx_hal_cortex.o
 .text.NVIC_EncodePriority
                0x0000000008001c7c       0x64 Drivers/STM32F1xx_HAL_Driver/Src/stm32f1xx_hal_cortex.o
 .text.SysTick_Config
                0x0000000008001ce0       0x44 Drivers/STM32F1xx_HAL_Driver/Src/stm32f1xx_hal_cortex.o
 .text.HAL_NVIC_SetPriorityGrouping
                0x0000000008001d24       0x16 Drivers/STM32F1xx_HAL_Driver/Src/stm32f1xx_hal_cortex.o
                0x0000000008001d24                HAL_NVIC_SetPriorityGrouping
 .text.HAL_NVIC_SetPriority
                0x0000000008001d3a       0x38 Drivers/STM32F1xx_HAL_Driver/Src/stm32f1xx_hal_cortex.o
                0x0000000008001d3a                HAL_NVIC_SetPriority
 .text.HAL_NVIC_EnableIRQ
                0x0000000008001d72       0x1c Drivers/STM32F1xx_HAL_Driver/Src/stm32f1xx_hal_cortex.o
                0x0000000008001d72                HAL_NVIC_EnableIRQ
 .text.HAL_SYSTICK_Config
                0x0000000008001d8e       0x18 Drivers/STM32F1xx_HAL_Driver/Src/stm32f1xx_hal_cortex.o
                0x0000000008001d8e                HAL_SYSTICK_Config
 *fill*         0x0000000008001da6        0x2 
 .text.HAL_GPIO_Init
                0x0000000008001da8      0x2b4 Drivers/STM32F1xx_HAL_Driver/Src/stm32f1xx_hal_gpio.o
                0x0000000008001da8                HAL_GPIO_Init
 .text.HAL_GPIO_ReadPin
                0x000000000800205c       0x2e Drivers/STM32F1xx_HAL_Driver/Src/stm32f1xx_hal_gpio.o
                0x000000000800205c                HAL_GPIO_ReadPin
 .text.HAL_GPIO_WritePin
                0x000000000800208a       0x30 Drivers/STM32F1xx_HAL_Driver/Src/stm32f1xx_hal_gpio.o
                0x000000000800208a                HAL_GPIO_WritePin
 .text.HAL_GPIO_TogglePin
                0x00000000080020ba       0x32 Drivers/STM32F1xx_HAL_Driver/Src/stm32f1xx_hal_gpio.o
                0x00000000080020ba                HAL_GPIO_TogglePin
 .text.HAL_PWR_EnableBkUpAccess
                0x00000000080020ec       0x18 Drivers/STM32F1xx_HAL_Driver/Src/stm32f1xx_hal_pwr.o
                0x00000000080020ec                HAL_PWR_EnableBkUpAccess
 .text.HAL_RCC_OscConfig
                0x0000000008002104      0x500 Drivers/STM32F1xx_HAL_Driver/Src/stm32f1xx_hal_rcc.o
                0x0000000008002104                HAL_RCC_OscConfig
 .text.HAL_RCC_ClockConfig
                0x0000000008002604      0x1d4 Drivers/STM32F1xx_HAL_Driver/Src/stm32f1xx_hal_rcc.o
                0x0000000008002604                HAL_RCC_ClockConfig
 .text.HAL_RCC_GetSysClockFreq
                0x00000000080027d8       0xc4 Drivers/STM32F1xx_HAL_Driver/Src/stm32f1xx_hal_rcc.o
                0x00000000080027d8                HAL_RCC_GetSysClockFreq
 .text.HAL_RCC_GetHCLKFreq
                0x000000000800289c       0x14 Drivers/STM32F1xx_HAL_Driver/Src/stm32f1xx_hal_rcc.o
                0x000000000800289c                HAL_RCC_GetHCLKFreq
 .text.HAL_RCC_GetPCLK2Freq
                0x00000000080028b0       0x28 Drivers/STM32F1xx_HAL_Driver/Src/stm32f1xx_hal_rcc.o
                0x00000000080028b0                HAL_RCC_GetPCLK2Freq
 .text.RCC_Delay
                0x00000000080028d8       0x3c Drivers/STM32F1xx_HAL_Driver/Src/stm32f1xx_hal_rcc.o
 .text.HAL_RCCEx_PeriphCLKConfig
                0x0000000008002914      0x16c Drivers/STM32F1xx_HAL_Driver/Src/stm32f1xx_hal_rcc_ex.o
                0x0000000008002914                HAL_RCCEx_PeriphCLKConfig
 .text.HAL_RCCEx_GetPeriphCLKFreq
                0x0000000008002a80      0x178 Drivers/STM32F1xx_HAL_Driver/Src/stm32f1xx_hal_rcc_ex.o
                0x0000000008002a80                HAL_RCCEx_GetPeriphCLKFreq
 .text.HAL_RTC_Init
                0x0000000008002bf8      0x12c Drivers/STM32F1xx_HAL_Driver/Src/stm32f1xx_hal_rtc.o
                0x0000000008002bf8                HAL_RTC_Init
 .text.HAL_RTC_SetTime
                0x0000000008002d24      0x12e Drivers/STM32F1xx_HAL_Driver/Src/stm32f1xx_hal_rtc.o
                0x0000000008002d24                HAL_RTC_SetTime
 *fill*         0x0000000008002e52        0x2 
 .text.HAL_RTC_GetTime
                0x0000000008002e54      0x1b0 Drivers/STM32F1xx_HAL_Driver/Src/stm32f1xx_hal_rtc.o
                0x0000000008002e54                HAL_RTC_GetTime
 .text.HAL_RTC_SetDate
                0x0000000008003004      0x16c Drivers/STM32F1xx_HAL_Driver/Src/stm32f1xx_hal_rtc.o
                0x0000000008003004                HAL_RTC_SetDate
 .text.HAL_RTC_WaitForSynchro
                0x0000000008003170       0x5a Drivers/STM32F1xx_HAL_Driver/Src/stm32f1xx_hal_rtc.o
                0x0000000008003170                HAL_RTC_WaitForSynchro
 .text.RTC_ReadTimeCounter
                0x00000000080031ca       0x60 Drivers/STM32F1xx_HAL_Driver/Src/stm32f1xx_hal_rtc.o
 .text.RTC_WriteTimeCounter
                0x000000000800322a       0x4e Drivers/STM32F1xx_HAL_Driver/Src/stm32f1xx_hal_rtc.o
 .text.RTC_ReadAlarmCounter
                0x0000000008003278       0x32 Drivers/STM32F1xx_HAL_Driver/Src/stm32f1xx_hal_rtc.o
 .text.RTC_WriteAlarmCounter
                0x00000000080032aa       0x4e Drivers/STM32F1xx_HAL_Driver/Src/stm32f1xx_hal_rtc.o
 .text.RTC_EnterInitMode
                0x00000000080032f8       0x50 Drivers/STM32F1xx_HAL_Driver/Src/stm32f1xx_hal_rtc.o
 .text.RTC_ExitInitMode
                0x0000000008003348       0x50 Drivers/STM32F1xx_HAL_Driver/Src/stm32f1xx_hal_rtc.o
 .text.RTC_ByteToBcd2
                0x0000000008003398       0x3a Drivers/STM32F1xx_HAL_Driver/Src/stm32f1xx_hal_rtc.o
 .text.RTC_Bcd2ToByte
                0x00000000080033d2       0x3a Drivers/STM32F1xx_HAL_Driver/Src/stm32f1xx_hal_rtc.o
 .text.RTC_DateUpdate
                0x000000000800340c      0x152 Drivers/STM32F1xx_HAL_Driver/Src/stm32f1xx_hal_rtc.o
 *fill*         0x000000000800355e        0x2 
 .text.RTC_IsLeapYear
                0x0000000008003560       0x64 Drivers/STM32F1xx_HAL_Driver/Src/stm32f1xx_hal_rtc.o
 .text.RTC_WeekDayNum
                0x00000000080035c4       0xf0 Drivers/STM32F1xx_HAL_Driver/Src/stm32f1xx_hal_rtc.o
 .text.HAL_SPI_Init
                0x00000000080036b4      0x108 Drivers/STM32F1xx_HAL_Driver/Src/stm32f1xx_hal_spi.o
                0x00000000080036b4                HAL_SPI_Init
 .text.HAL_SPI_Transmit
                0x00000000080037bc      0x278 Drivers/STM32F1xx_HAL_Driver/Src/stm32f1xx_hal_spi.o
                0x00000000080037bc                HAL_SPI_Transmit
 .text.SPI_WaitFlagStateUntilTimeout
                0x0000000008003a34      0x110 Drivers/STM32F1xx_HAL_Driver/Src/stm32f1xx_hal_spi.o
 .text.SPI_EndRxTxTransaction
                0x0000000008003b44       0x3c Drivers/STM32F1xx_HAL_Driver/Src/stm32f1xx_hal_spi.o
 .text.calloc   0x0000000008003b80       0x10 c:/st/stm32cubeide_1.3.0/stm32cubeide/plugins/com.st.stm32cube.ide.mcu.externaltools.gnu-tools-for-stm32.7-2018-q2-update.win32_1.0.0.201904181610/tools/bin/../lib/gcc/arm-none-eabi/7.3.1/../../../../arm-none-eabi/lib/thumb/v7-m\libc_nano.a(lib_a-calloc.o)
                0x0000000008003b80                calloc
 .text.__errno  0x0000000008003b90        0xc c:/st/stm32cubeide_1.3.0/stm32cubeide/plugins/com.st.stm32cube.ide.mcu.externaltools.gnu-tools-for-stm32.7-2018-q2-update.win32_1.0.0.201904181610/tools/bin/../lib/gcc/arm-none-eabi/7.3.1/../../../../arm-none-eabi/lib/thumb/v7-m\libc_nano.a(lib_a-errno.o)
                0x0000000008003b90                __errno
 .text.__libc_init_array
                0x0000000008003b9c       0x48 c:/st/stm32cubeide_1.3.0/stm32cubeide/plugins/com.st.stm32cube.ide.mcu.externaltools.gnu-tools-for-stm32.7-2018-q2-update.win32_1.0.0.201904181610/tools/bin/../lib/gcc/arm-none-eabi/7.3.1/../../../../arm-none-eabi/lib/thumb/v7-m\libc_nano.a(lib_a-init.o)
                0x0000000008003b9c                __libc_init_array
 .text.memset   0x0000000008003be4       0x10 c:/st/stm32cubeide_1.3.0/stm32cubeide/plugins/com.st.stm32cube.ide.mcu.externaltools.gnu-tools-for-stm32.7-2018-q2-update.win32_1.0.0.201904181610/tools/bin/../lib/gcc/arm-none-eabi/7.3.1/../../../../arm-none-eabi/lib/thumb/v7-m\libc_nano.a(lib_a-memset.o)
                0x0000000008003be4                memset
 .text._calloc_r
                0x0000000008003bf4       0x1c c:/st/stm32cubeide_1.3.0/stm32cubeide/plugins/com.st.stm32cube.ide.mcu.externaltools.gnu-tools-for-stm32.7-2018-q2-update.win32_1.0.0.201904181610/tools/bin/../lib/gcc/arm-none-eabi/7.3.1/../../../../arm-none-eabi/lib/thumb/v7-m\libc_nano.a(lib_a-nano-callocr.o)
                0x0000000008003bf4                _calloc_r
 .text._malloc_r
                0x0000000008003c10       0xb4 c:/st/stm32cubeide_1.3.0/stm32cubeide/plugins/com.st.stm32cube.ide.mcu.externaltools.gnu-tools-for-stm32.7-2018-q2-update.win32_1.0.0.201904181610/tools/bin/../lib/gcc/arm-none-eabi/7.3.1/../../../../arm-none-eabi/lib/thumb/v7-m\libc_nano.a(lib_a-nano-mallocr.o)
                0x0000000008003c10                _malloc_r
 .text._sbrk_r  0x0000000008003cc4       0x20 c:/st/stm32cubeide_1.3.0/stm32cubeide/plugins/com.st.stm32cube.ide.mcu.externaltools.gnu-tools-for-stm32.7-2018-q2-update.win32_1.0.0.201904181610/tools/bin/../lib/gcc/arm-none-eabi/7.3.1/../../../../arm-none-eabi/lib/thumb/v7-m\libc_nano.a(lib_a-sbrkr.o)
                0x0000000008003cc4                _sbrk_r
 .text.__malloc_lock
                0x0000000008003ce4        0x2 c:/st/stm32cubeide_1.3.0/stm32cubeide/plugins/com.st.stm32cube.ide.mcu.externaltools.gnu-tools-for-stm32.7-2018-q2-update.win32_1.0.0.201904181610/tools/bin/../lib/gcc/arm-none-eabi/7.3.1/../../../../arm-none-eabi/lib/thumb/v7-m\libc_nano.a(lib_a-mlock.o)
                0x0000000008003ce4                __malloc_lock
 .text.__malloc_unlock
                0x0000000008003ce6        0x2 c:/st/stm32cubeide_1.3.0/stm32cubeide/plugins/com.st.stm32cube.ide.mcu.externaltools.gnu-tools-for-stm32.7-2018-q2-update.win32_1.0.0.201904181610/tools/bin/../lib/gcc/arm-none-eabi/7.3.1/../../../../arm-none-eabi/lib/thumb/v7-m\libc_nano.a(lib_a-mlock.o)
                0x0000000008003ce6                __malloc_unlock
 *(.glue_7)
 .glue_7        0x0000000008003ce8        0x0 linker stubs
 *(.glue_7t)
 .glue_7t       0x0000000008003ce8        0x0 linker stubs
 *(.eh_frame)
 .eh_frame      0x0000000008003ce8        0x0 c:/st/stm32cubeide_1.3.0/stm32cubeide/plugins/com.st.stm32cube.ide.mcu.externaltools.gnu-tools-for-stm32.7-2018-q2-update.win32_1.0.0.201904181610/tools/bin/../lib/gcc/arm-none-eabi/7.3.1/thumb/v7-m/crtbegin.o
 *(.init)
 .init          0x0000000008003ce8        0x4 c:/st/stm32cubeide_1.3.0/stm32cubeide/plugins/com.st.stm32cube.ide.mcu.externaltools.gnu-tools-for-stm32.7-2018-q2-update.win32_1.0.0.201904181610/tools/bin/../lib/gcc/arm-none-eabi/7.3.1/thumb/v7-m/crti.o
                0x0000000008003ce8                _init
 .init          0x0000000008003cec        0x8 c:/st/stm32cubeide_1.3.0/stm32cubeide/plugins/com.st.stm32cube.ide.mcu.externaltools.gnu-tools-for-stm32.7-2018-q2-update.win32_1.0.0.201904181610/tools/bin/../lib/gcc/arm-none-eabi/7.3.1/thumb/v7-m/crtn.o
 *(.fini)
 .fini          0x0000000008003cf4        0x4 c:/st/stm32cubeide_1.3.0/stm32cubeide/plugins/com.st.stm32cube.ide.mcu.externaltools.gnu-tools-for-stm32.7-2018-q2-update.win32_1.0.0.201904181610/tools/bin/../lib/gcc/arm-none-eabi/7.3.1/thumb/v7-m/crti.o
                0x0000000008003cf4                _fini
 .fini          0x0000000008003cf8        0x8 c:/st/stm32cubeide_1.3.0/stm32cubeide/plugins/com.st.stm32cube.ide.mcu.externaltools.gnu-tools-for-stm32.7-2018-q2-update.win32_1.0.0.201904181610/tools/bin/../lib/gcc/arm-none-eabi/7.3.1/thumb/v7-m/crtn.o
                0x0000000008003d00                . = ALIGN (0x4)
                0x0000000008003d00                _etext = .

.vfp11_veneer   0x0000000008003d00        0x0
 .vfp11_veneer  0x0000000008003d00        0x0 linker stubs

.v4_bx          0x0000000008003d00        0x0
 .v4_bx         0x0000000008003d00        0x0 linker stubs

.iplt           0x0000000008003d00        0x0
 .iplt          0x0000000008003d00        0x0 c:/st/stm32cubeide_1.3.0/stm32cubeide/plugins/com.st.stm32cube.ide.mcu.externaltools.gnu-tools-for-stm32.7-2018-q2-update.win32_1.0.0.201904181610/tools/bin/../lib/gcc/arm-none-eabi/7.3.1/thumb/v7-m/crtbegin.o

.rodata         0x0000000008003d00       0x40
                0x0000000008003d00                . = ALIGN (0x4)
 *(.rodata)
 .rodata        0x0000000008003d00       0x12 Drivers/STM32F1xx_HAL_Driver/Src/stm32f1xx_hal_rcc.o
 *fill*         0x0000000008003d12        0x2 
 .rodata        0x0000000008003d14       0x12 Drivers/STM32F1xx_HAL_Driver/Src/stm32f1xx_hal_rcc_ex.o
 *(.rodata*)
 *fill*         0x0000000008003d26        0x2 
 .rodata.AHBPrescTable
                0x0000000008003d28       0x10 Core/Src/system_stm32f1xx.o
                0x0000000008003d28                AHBPrescTable
 .rodata.APBPrescTable
                0x0000000008003d38        0x8 Core/Src/system_stm32f1xx.o
                0x0000000008003d38                APBPrescTable
                0x0000000008003d40                . = ALIGN (0x4)

.rel.dyn        0x0000000008003d40        0x0
 .rel.iplt      0x0000000008003d40        0x0 c:/st/stm32cubeide_1.3.0/stm32cubeide/plugins/com.st.stm32cube.ide.mcu.externaltools.gnu-tools-for-stm32.7-2018-q2-update.win32_1.0.0.201904181610/tools/bin/../lib/gcc/arm-none-eabi/7.3.1/thumb/v7-m/crtbegin.o

.ARM.extab      0x0000000008003d40        0x0
                0x0000000008003d40                . = ALIGN (0x4)
 *(.ARM.extab* .gnu.linkonce.armextab.*)
                0x0000000008003d40                . = ALIGN (0x4)

.ARM            0x0000000008003d40        0x0
                0x0000000008003d40                . = ALIGN (0x4)
                0x0000000008003d40                __exidx_start = .
 *(.ARM.exidx*)
                0x0000000008003d40                __exidx_end = .
                0x0000000008003d40                . = ALIGN (0x4)

.preinit_array  0x0000000008003d40        0x0
                0x0000000008003d40                . = ALIGN (0x4)
                0x0000000008003d40                PROVIDE (__preinit_array_start = .)
 *(.preinit_array*)
                0x0000000008003d40                PROVIDE (__preinit_array_end = .)
                0x0000000008003d40                . = ALIGN (0x4)

.init_array     0x0000000008003d40        0x4
                0x0000000008003d40                . = ALIGN (0x4)
                0x0000000008003d40                PROVIDE (__init_array_start = .)
 *(SORT_BY_NAME(.init_array.*))
 *(.init_array*)
 .init_array    0x0000000008003d40        0x4 c:/st/stm32cubeide_1.3.0/stm32cubeide/plugins/com.st.stm32cube.ide.mcu.externaltools.gnu-tools-for-stm32.7-2018-q2-update.win32_1.0.0.201904181610/tools/bin/../lib/gcc/arm-none-eabi/7.3.1/thumb/v7-m/crtbegin.o
                0x0000000008003d44                PROVIDE (__init_array_end = .)
                0x0000000008003d44                . = ALIGN (0x4)

.fini_array     0x0000000008003d44        0x4
                0x0000000008003d44                . = ALIGN (0x4)
                [!provide]                        PROVIDE (__fini_array_start = .)
 *(SORT_BY_NAME(.fini_array.*))
 *(.fini_array*)
 .fini_array    0x0000000008003d44        0x4 c:/st/stm32cubeide_1.3.0/stm32cubeide/plugins/com.st.stm32cube.ide.mcu.externaltools.gnu-tools-for-stm32.7-2018-q2-update.win32_1.0.0.201904181610/tools/bin/../lib/gcc/arm-none-eabi/7.3.1/thumb/v7-m/crtbegin.o
                [!provide]                        PROVIDE (__fini_array_end = .)
                0x0000000008003d48                . = ALIGN (0x4)
                0x0000000008003d48                _sidata = LOADADDR (.data)

.data           0x0000000020000000       0x88 load address 0x0000000008003d48
                0x0000000020000000                . = ALIGN (0x4)
                0x0000000020000000                _sdata = .
 *(.data)
 *(.data*)
 .data.binary_coded_digit
                0x0000000020000000       0x14 Core/Src/emka_led_clock.o
                0x0000000020000000                binary_coded_digit
 .data.display_number
                0x0000000020000014        0x4 Core/Src/emka_led_clock.o
                0x0000000020000014                display_number
 .data.SystemCoreClock
                0x0000000020000018        0x4 Core/Src/system_stm32f1xx.o
                0x0000000020000018                SystemCoreClock
 .data.uwTickPrio
                0x000000002000001c        0x4 Drivers/STM32F1xx_HAL_Driver/Src/stm32f1xx_hal.o
                0x000000002000001c                uwTickPrio
 .data.uwTickFreq
                0x0000000020000020        0x1 Drivers/STM32F1xx_HAL_Driver/Src/stm32f1xx_hal.o
                0x0000000020000020                uwTickFreq
 *fill*         0x0000000020000021        0x3 
 .data._impure_ptr
                0x0000000020000024        0x4 c:/st/stm32cubeide_1.3.0/stm32cubeide/plugins/com.st.stm32cube.ide.mcu.externaltools.gnu-tools-for-stm32.7-2018-q2-update.win32_1.0.0.201904181610/tools/bin/../lib/gcc/arm-none-eabi/7.3.1/../../../../arm-none-eabi/lib/thumb/v7-m\libc_nano.a(lib_a-impure.o)
                0x0000000020000024                _impure_ptr
 .data.impure_data
                0x0000000020000028       0x60 c:/st/stm32cubeide_1.3.0/stm32cubeide/plugins/com.st.stm32cube.ide.mcu.externaltools.gnu-tools-for-stm32.7-2018-q2-update.win32_1.0.0.201904181610/tools/bin/../lib/gcc/arm-none-eabi/7.3.1/../../../../arm-none-eabi/lib/thumb/v7-m\libc_nano.a(lib_a-impure.o)
                0x0000000020000088                . = ALIGN (0x4)
                0x0000000020000088                _edata = .

.igot.plt       0x0000000020000088        0x0 load address 0x0000000008003dd0
 .igot.plt      0x0000000020000088        0x0 c:/st/stm32cubeide_1.3.0/stm32cubeide/plugins/com.st.stm32cube.ide.mcu.externaltools.gnu-tools-for-stm32.7-2018-q2-update.win32_1.0.0.201904181610/tools/bin/../lib/gcc/arm-none-eabi/7.3.1/thumb/v7-m/crtbegin.o
                0x0000000020000088                . = ALIGN (0x4)

.bss            0x0000000020000088      0x11c load address 0x0000000008003dd0
                0x0000000020000088                _sbss = .
                0x0000000020000088                __bss_start__ = _sbss
 *(.bss)
 .bss           0x0000000020000088       0x1c c:/st/stm32cubeide_1.3.0/stm32cubeide/plugins/com.st.stm32cube.ide.mcu.externaltools.gnu-tools-for-stm32.7-2018-q2-update.win32_1.0.0.201904181610/tools/bin/../lib/gcc/arm-none-eabi/7.3.1/thumb/v7-m/crtbegin.o
 *(.bss*)
 .bss.heap_end.5149
                0x00000000200000a4        0x4 Core/Src/sysmem.o
 .bss.__malloc_free_list
                0x00000000200000a8        0x4 c:/st/stm32cubeide_1.3.0/stm32cubeide/plugins/com.st.stm32cube.ide.mcu.externaltools.gnu-tools-for-stm32.7-2018-q2-update.win32_1.0.0.201904181610/tools/bin/../lib/gcc/arm-none-eabi/7.3.1/../../../../arm-none-eabi/lib/thumb/v7-m\libc_nano.a(lib_a-nano-mallocr.o)
                0x00000000200000a8                __malloc_free_list
 .bss.__malloc_sbrk_start
                0x00000000200000ac        0x4 c:/st/stm32cubeide_1.3.0/stm32cubeide/plugins/com.st.stm32cube.ide.mcu.externaltools.gnu-tools-for-stm32.7-2018-q2-update.win32_1.0.0.201904181610/tools/bin/../lib/gcc/arm-none-eabi/7.3.1/../../../../arm-none-eabi/lib/thumb/v7-m\libc_nano.a(lib_a-nano-mallocr.o)
                0x00000000200000ac                __malloc_sbrk_start
 *(COMMON)
 COMMON         0x00000000200000b0        0x8 Core/Src/emka_fotodetector.o
                0x00000000200000b0                emka_fotodetector
 COMMON         0x00000000200000b8       0x42 Core/Src/emka_led_clock.o
                0x00000000200000b8                color_switch_flag
                0x00000000200000bc                current_led_color
                0x00000000200000c0                next_led_color
                0x00000000200000c3                dots
                0x00000000200000c4                emka_display_number
                0x00000000200000c8                ws2812b
                0x00000000200000d4                emka_clock_lum_val
                0x00000000200000d5                seconds
                0x00000000200000d6                minutes
                0x00000000200000d8                lumed_curr_led_color
                0x00000000200000db                hours
                0x00000000200000dc                led_color
 *fill*         0x00000000200000fa        0x2 
 COMMON         0x00000000200000fc       0xa0 Core/Src/main.o
                0x00000000200000fc                hadc1
                0x000000002000012c                rtc_time
                0x0000000020000130                hrtc
                0x0000000020000144                hspi1
 COMMON         0x000000002000019c        0x4 Drivers/STM32F1xx_HAL_Driver/Src/stm32f1xx_hal.o
                0x000000002000019c                uwTick
 COMMON         0x00000000200001a0        0x4 c:/st/stm32cubeide_1.3.0/stm32cubeide/plugins/com.st.stm32cube.ide.mcu.externaltools.gnu-tools-for-stm32.7-2018-q2-update.win32_1.0.0.201904181610/tools/bin/../lib/gcc/arm-none-eabi/7.3.1/../../../../arm-none-eabi/lib/thumb/v7-m\libc_nano.a(lib_a-reent.o)
                0x00000000200001a0                errno
                0x00000000200001a4                . = ALIGN (0x4)
                0x00000000200001a4                _ebss = .
                0x00000000200001a4                __bss_end__ = _ebss

._user_heap_stack
                0x00000000200001a4      0x604 load address 0x0000000008003dd0
                0x00000000200001a8                . = ALIGN (0x8)
 *fill*         0x00000000200001a4        0x4 
                0x00000000200001a8                PROVIDE (end = .)
                [!provide]                        PROVIDE (_end = .)
                0x00000000200003a8                . = (. + _Min_Heap_Size)
 *fill*         0x00000000200001a8      0x200 
                0x00000000200007a8                . = (. + _Min_Stack_Size)
 *fill*         0x00000000200003a8      0x400 
                0x00000000200007a8                . = ALIGN (0x8)

/DISCARD/
 libc.a(*)
 libm.a(*)
 libgcc.a(*)

.ARM.attributes
                0x0000000000000000       0x29
 *(.ARM.attributes)
 .ARM.attributes
                0x0000000000000000       0x1d c:/st/stm32cubeide_1.3.0/stm32cubeide/plugins/com.st.stm32cube.ide.mcu.externaltools.gnu-tools-for-stm32.7-2018-q2-update.win32_1.0.0.201904181610/tools/bin/../lib/gcc/arm-none-eabi/7.3.1/thumb/v7-m/crti.o
 .ARM.attributes
                0x000000000000001d       0x2d c:/st/stm32cubeide_1.3.0/stm32cubeide/plugins/com.st.stm32cube.ide.mcu.externaltools.gnu-tools-for-stm32.7-2018-q2-update.win32_1.0.0.201904181610/tools/bin/../lib/gcc/arm-none-eabi/7.3.1/thumb/v7-m/crtbegin.o
 .ARM.attributes
                0x000000000000004a       0x33 Core/Src/emka_fotodetector.o
 .ARM.attributes
                0x000000000000007d       0x33 Core/Src/emka_led_clock.o
 .ARM.attributes
                0x00000000000000b0       0x33 Core/Src/main.o
 .ARM.attributes
                0x00000000000000e3       0x33 Core/Src/stm32f1xx_hal_msp.o
 .ARM.attributes
                0x0000000000000116       0x33 Core/Src/stm32f1xx_it.o
 .ARM.attributes
                0x0000000000000149       0x33 Core/Src/sysmem.o
 .ARM.attributes
                0x000000000000017c       0x33 Core/Src/system_stm32f1xx.o
 .ARM.attributes
                0x00000000000001af       0x33 Core/Src/ws2812b.o
 .ARM.attributes
                0x00000000000001e2       0x21 Core/Startup/startup_stm32f103c8tx.o
 .ARM.attributes
                0x0000000000000203       0x33 Drivers/STM32F1xx_HAL_Driver/Src/stm32f1xx_hal.o
 .ARM.attributes
                0x0000000000000236       0x33 Drivers/STM32F1xx_HAL_Driver/Src/stm32f1xx_hal_adc.o
 .ARM.attributes
                0x0000000000000269       0x33 Drivers/STM32F1xx_HAL_Driver/Src/stm32f1xx_hal_adc_ex.o
 .ARM.attributes
                0x000000000000029c       0x33 Drivers/STM32F1xx_HAL_Driver/Src/stm32f1xx_hal_cortex.o
 .ARM.attributes
                0x00000000000002cf       0x33 Drivers/STM32F1xx_HAL_Driver/Src/stm32f1xx_hal_gpio.o
 .ARM.attributes
                0x0000000000000302       0x33 Drivers/STM32F1xx_HAL_Driver/Src/stm32f1xx_hal_pwr.o
 .ARM.attributes
                0x0000000000000335       0x33 Drivers/STM32F1xx_HAL_Driver/Src/stm32f1xx_hal_rcc.o
 .ARM.attributes
                0x0000000000000368       0x33 Drivers/STM32F1xx_HAL_Driver/Src/stm32f1xx_hal_rcc_ex.o
 .ARM.attributes
                0x000000000000039b       0x33 Drivers/STM32F1xx_HAL_Driver/Src/stm32f1xx_hal_rtc.o
 .ARM.attributes
                0x00000000000003ce       0x33 Drivers/STM32F1xx_HAL_Driver/Src/stm32f1xx_hal_spi.o
 .ARM.attributes
                0x0000000000000401       0x2d c:/st/stm32cubeide_1.3.0/stm32cubeide/plugins/com.st.stm32cube.ide.mcu.externaltools.gnu-tools-for-stm32.7-2018-q2-update.win32_1.0.0.201904181610/tools/bin/../lib/gcc/arm-none-eabi/7.3.1/../../../../arm-none-eabi/lib/thumb/v7-m\libc_nano.a(lib_a-calloc.o)
 .ARM.attributes
                0x000000000000042e       0x2d c:/st/stm32cubeide_1.3.0/stm32cubeide/plugins/com.st.stm32cube.ide.mcu.externaltools.gnu-tools-for-stm32.7-2018-q2-update.win32_1.0.0.201904181610/tools/bin/../lib/gcc/arm-none-eabi/7.3.1/../../../../arm-none-eabi/lib/thumb/v7-m\libc_nano.a(lib_a-errno.o)
 .ARM.attributes
                0x000000000000045b       0x2d c:/st/stm32cubeide_1.3.0/stm32cubeide/plugins/com.st.stm32cube.ide.mcu.externaltools.gnu-tools-for-stm32.7-2018-q2-update.win32_1.0.0.201904181610/tools/bin/../lib/gcc/arm-none-eabi/7.3.1/../../../../arm-none-eabi/lib/thumb/v7-m\libc_nano.a(lib_a-impure.o)
 .ARM.attributes
                0x0000000000000488       0x2d c:/st/stm32cubeide_1.3.0/stm32cubeide/plugins/com.st.stm32cube.ide.mcu.externaltools.gnu-tools-for-stm32.7-2018-q2-update.win32_1.0.0.201904181610/tools/bin/../lib/gcc/arm-none-eabi/7.3.1/../../../../arm-none-eabi/lib/thumb/v7-m\libc_nano.a(lib_a-init.o)
 .ARM.attributes
                0x00000000000004b5       0x2d c:/st/stm32cubeide_1.3.0/stm32cubeide/plugins/com.st.stm32cube.ide.mcu.externaltools.gnu-tools-for-stm32.7-2018-q2-update.win32_1.0.0.201904181610/tools/bin/../lib/gcc/arm-none-eabi/7.3.1/../../../../arm-none-eabi/lib/thumb/v7-m\libc_nano.a(lib_a-memset.o)
 .ARM.attributes
                0x00000000000004e2       0x2d c:/st/stm32cubeide_1.3.0/stm32cubeide/plugins/com.st.stm32cube.ide.mcu.externaltools.gnu-tools-for-stm32.7-2018-q2-update.win32_1.0.0.201904181610/tools/bin/../lib/gcc/arm-none-eabi/7.3.1/../../../../arm-none-eabi/lib/thumb/v7-m\libc_nano.a(lib_a-nano-callocr.o)
 .ARM.attributes
                0x000000000000050f       0x2d c:/st/stm32cubeide_1.3.0/stm32cubeide/plugins/com.st.stm32cube.ide.mcu.externaltools.gnu-tools-for-stm32.7-2018-q2-update.win32_1.0.0.201904181610/tools/bin/../lib/gcc/arm-none-eabi/7.3.1/../../../../arm-none-eabi/lib/thumb/v7-m\libc_nano.a(lib_a-nano-mallocr.o)
 .ARM.attributes
                0x000000000000053c       0x2d c:/st/stm32cubeide_1.3.0/stm32cubeide/plugins/com.st.stm32cube.ide.mcu.externaltools.gnu-tools-for-stm32.7-2018-q2-update.win32_1.0.0.201904181610/tools/bin/../lib/gcc/arm-none-eabi/7.3.1/../../../../arm-none-eabi/lib/thumb/v7-m\libc_nano.a(lib_a-sbrkr.o)
 .ARM.attributes
                0x0000000000000569       0x2d c:/st/stm32cubeide_1.3.0/stm32cubeide/plugins/com.st.stm32cube.ide.mcu.externaltools.gnu-tools-for-stm32.7-2018-q2-update.win32_1.0.0.201904181610/tools/bin/../lib/gcc/arm-none-eabi/7.3.1/../../../../arm-none-eabi/lib/thumb/v7-m\libc_nano.a(lib_a-mlock.o)
 .ARM.attributes
                0x0000000000000596       0x2d c:/st/stm32cubeide_1.3.0/stm32cubeide/plugins/com.st.stm32cube.ide.mcu.externaltools.gnu-tools-for-stm32.7-2018-q2-update.win32_1.0.0.201904181610/tools/bin/../lib/gcc/arm-none-eabi/7.3.1/../../../../arm-none-eabi/lib/thumb/v7-m\libc_nano.a(lib_a-reent.o)
 .ARM.attributes
                0x00000000000005c3       0x1d c:/st/stm32cubeide_1.3.0/stm32cubeide/plugins/com.st.stm32cube.ide.mcu.externaltools.gnu-tools-for-stm32.7-2018-q2-update.win32_1.0.0.201904181610/tools/bin/../lib/gcc/arm-none-eabi/7.3.1/thumb/v7-m/crtn.o
OUTPUT(zl_firmware_STMF103C8Tx.elf elf32-littlearm)

.debug_info     0x0000000000000000     0xe3ce
 .debug_info    0x0000000000000000      0xe3f Core/Src/emka_fotodetector.o
 .debug_info    0x0000000000000e3f     0x11c1 Core/Src/emka_led_clock.o
 .debug_info    0x0000000000002000     0x1856 Core/Src/main.o
 .debug_info    0x0000000000003856     0x1813 Core/Src/stm32f1xx_hal_msp.o
 .debug_info    0x0000000000005069     0x1254 Core/Src/stm32f1xx_it.o
 .debug_info    0x00000000000062bd      0x91c Core/Src/sysmem.o
 .debug_info    0x0000000000006bd9      0x29a Core/Src/system_stm32f1xx.o
 .debug_info    0x0000000000006e73      0xff1 Core/Src/ws2812b.o
 .debug_info    0x0000000000007e64       0x22 Core/Startup/startup_stm32f103c8tx.o
 .debug_info    0x0000000000007e86      0x714 Drivers/STM32F1xx_HAL_Driver/Src/stm32f1xx_hal.o
 .debug_info    0x000000000000859a      0xc6c Drivers/STM32F1xx_HAL_Driver/Src/stm32f1xx_hal_adc.o
 .debug_info    0x0000000000009206      0xa06 Drivers/STM32F1xx_HAL_Driver/Src/stm32f1xx_hal_adc_ex.o
 .debug_info    0x0000000000009c0c      0xb51 Drivers/STM32F1xx_HAL_Driver/Src/stm32f1xx_hal_cortex.o
 .debug_info    0x000000000000a75d      0x69b Drivers/STM32F1xx_HAL_Driver/Src/stm32f1xx_hal_gpio.o
 .debug_info    0x000000000000adf8      0x6e2 Drivers/STM32F1xx_HAL_Driver/Src/stm32f1xx_hal_pwr.o
 .debug_info    0x000000000000b4da      0x80f Drivers/STM32F1xx_HAL_Driver/Src/stm32f1xx_hal_rcc.o
 .debug_info    0x000000000000bce9      0x444 Drivers/STM32F1xx_HAL_Driver/Src/stm32f1xx_hal_rcc_ex.o
 .debug_info    0x000000000000c12d      0xd2f Drivers/STM32F1xx_HAL_Driver/Src/stm32f1xx_hal_rtc.o
 .debug_info    0x000000000000ce5c     0x1572 Drivers/STM32F1xx_HAL_Driver/Src/stm32f1xx_hal_spi.o

.debug_abbrev   0x0000000000000000     0x23dd
 .debug_abbrev  0x0000000000000000      0x1ed Core/Src/emka_fotodetector.o
 .debug_abbrev  0x00000000000001ed      0x267 Core/Src/emka_led_clock.o
 .debug_abbrev  0x0000000000000454      0x25f Core/Src/main.o
 .debug_abbrev  0x00000000000006b3      0x222 Core/Src/stm32f1xx_hal_msp.o
 .debug_abbrev  0x00000000000008d5      0x1cb Core/Src/stm32f1xx_it.o
 .debug_abbrev  0x0000000000000aa0      0x1bb Core/Src/sysmem.o
 .debug_abbrev  0x0000000000000c5b      0x134 Core/Src/system_stm32f1xx.o
 .debug_abbrev  0x0000000000000d8f      0x222 Core/Src/ws2812b.o
 .debug_abbrev  0x0000000000000fb1       0x12 Core/Startup/startup_stm32f103c8tx.o
 .debug_abbrev  0x0000000000000fc3      0x1c7 Drivers/STM32F1xx_HAL_Driver/Src/stm32f1xx_hal.o
 .debug_abbrev  0x000000000000118a      0x1d5 Drivers/STM32F1xx_HAL_Driver/Src/stm32f1xx_hal_adc.o
 .debug_abbrev  0x000000000000135f      0x1f5 Drivers/STM32F1xx_HAL_Driver/Src/stm32f1xx_hal_adc_ex.o
 .debug_abbrev  0x0000000000001554      0x2d5 Drivers/STM32F1xx_HAL_Driver/Src/stm32f1xx_hal_cortex.o
 .debug_abbrev  0x0000000000001829      0x1c0 Drivers/STM32F1xx_HAL_Driver/Src/stm32f1xx_hal_gpio.o
 .debug_abbrev  0x00000000000019e9      0x1f2 Drivers/STM32F1xx_HAL_Driver/Src/stm32f1xx_hal_pwr.o
 .debug_abbrev  0x0000000000001bdb      0x243 Drivers/STM32F1xx_HAL_Driver/Src/stm32f1xx_hal_rcc.o
 .debug_abbrev  0x0000000000001e1e      0x175 Drivers/STM32F1xx_HAL_Driver/Src/stm32f1xx_hal_rcc_ex.o
 .debug_abbrev  0x0000000000001f93      0x20a Drivers/STM32F1xx_HAL_Driver/Src/stm32f1xx_hal_rtc.o
 .debug_abbrev  0x000000000000219d      0x240 Drivers/STM32F1xx_HAL_Driver/Src/stm32f1xx_hal_spi.o

.debug_aranges  0x0000000000000000      0xa08
 .debug_aranges
                0x0000000000000000       0x28 Core/Src/emka_fotodetector.o
 .debug_aranges
                0x0000000000000028       0x60 Core/Src/emka_led_clock.o
 .debug_aranges
                0x0000000000000088       0x50 Core/Src/main.o
 .debug_aranges
                0x00000000000000d8       0x50 Core/Src/stm32f1xx_hal_msp.o
 .debug_aranges
                0x0000000000000128       0x68 Core/Src/stm32f1xx_it.o
 .debug_aranges
                0x0000000000000190       0x20 Core/Src/sysmem.o
 .debug_aranges
                0x00000000000001b0       0x28 Core/Src/system_stm32f1xx.o
 .debug_aranges
                0x00000000000001d8       0x30 Core/Src/ws2812b.o
 .debug_aranges
                0x0000000000000208       0x28 Core/Startup/startup_stm32f103c8tx.o
 .debug_aranges
                0x0000000000000230       0xe0 Drivers/STM32F1xx_HAL_Driver/Src/stm32f1xx_hal.o
 .debug_aranges
                0x0000000000000310       0xf0 Drivers/STM32F1xx_HAL_Driver/Src/stm32f1xx_hal_adc.o
 .debug_aranges
                0x0000000000000400       0x80 Drivers/STM32F1xx_HAL_Driver/Src/stm32f1xx_hal_adc_ex.o
 .debug_aranges
                0x0000000000000480      0x100 Drivers/STM32F1xx_HAL_Driver/Src/stm32f1xx_hal_cortex.o
 .debug_aranges
                0x0000000000000580       0x58 Drivers/STM32F1xx_HAL_Driver/Src/stm32f1xx_hal_gpio.o
 .debug_aranges
                0x00000000000005d8       0xa8 Drivers/STM32F1xx_HAL_Driver/Src/stm32f1xx_hal_pwr.o
 .debug_aranges
                0x0000000000000680       0x90 Drivers/STM32F1xx_HAL_Driver/Src/stm32f1xx_hal_rcc.o
 .debug_aranges
                0x0000000000000710       0x30 Drivers/STM32F1xx_HAL_Driver/Src/stm32f1xx_hal_rcc_ex.o
 .debug_aranges
                0x0000000000000740       0xf8 Drivers/STM32F1xx_HAL_Driver/Src/stm32f1xx_hal_rtc.o
 .debug_aranges
                0x0000000000000838      0x1d0 Drivers/STM32F1xx_HAL_Driver/Src/stm32f1xx_hal_spi.o

.debug_ranges   0x0000000000000000      0x8e0
 .debug_ranges  0x0000000000000000       0x18 Core/Src/emka_fotodetector.o
 .debug_ranges  0x0000000000000018       0x50 Core/Src/emka_led_clock.o
 .debug_ranges  0x0000000000000068       0x40 Core/Src/main.o
 .debug_ranges  0x00000000000000a8       0x40 Core/Src/stm32f1xx_hal_msp.o
 .debug_ranges  0x00000000000000e8       0x58 Core/Src/stm32f1xx_it.o
 .debug_ranges  0x0000000000000140       0x10 Core/Src/sysmem.o
 .debug_ranges  0x0000000000000150       0x18 Core/Src/system_stm32f1xx.o
 .debug_ranges  0x0000000000000168       0x20 Core/Src/ws2812b.o
 .debug_ranges  0x0000000000000188       0x20 Core/Startup/startup_stm32f103c8tx.o
 .debug_ranges  0x00000000000001a8       0xd0 Drivers/STM32F1xx_HAL_Driver/Src/stm32f1xx_hal.o
 .debug_ranges  0x0000000000000278       0xe0 Drivers/STM32F1xx_HAL_Driver/Src/stm32f1xx_hal_adc.o
 .debug_ranges  0x0000000000000358       0x70 Drivers/STM32F1xx_HAL_Driver/Src/stm32f1xx_hal_adc_ex.o
 .debug_ranges  0x00000000000003c8       0xf0 Drivers/STM32F1xx_HAL_Driver/Src/stm32f1xx_hal_cortex.o
 .debug_ranges  0x00000000000004b8       0x48 Drivers/STM32F1xx_HAL_Driver/Src/stm32f1xx_hal_gpio.o
 .debug_ranges  0x0000000000000500       0x98 Drivers/STM32F1xx_HAL_Driver/Src/stm32f1xx_hal_pwr.o
 .debug_ranges  0x0000000000000598       0x80 Drivers/STM32F1xx_HAL_Driver/Src/stm32f1xx_hal_rcc.o
 .debug_ranges  0x0000000000000618       0x20 Drivers/STM32F1xx_HAL_Driver/Src/stm32f1xx_hal_rcc_ex.o
 .debug_ranges  0x0000000000000638       0xe8 Drivers/STM32F1xx_HAL_Driver/Src/stm32f1xx_hal_rtc.o
 .debug_ranges  0x0000000000000720      0x1c0 Drivers/STM32F1xx_HAL_Driver/Src/stm32f1xx_hal_spi.o

.debug_macro    0x0000000000000000    0x18cc5
 .debug_macro   0x0000000000000000      0x279 Core/Src/emka_fotodetector.o
 .debug_macro   0x0000000000000279      0xa5a Core/Src/emka_fotodetector.o
 .debug_macro   0x0000000000000cd3       0x18 Core/Src/emka_fotodetector.o
 .debug_macro   0x0000000000000ceb       0x22 Core/Src/emka_fotodetector.o
 .debug_macro   0x0000000000000d0d       0x40 Core/Src/emka_fotodetector.o
 .debug_macro   0x0000000000000d4d       0x94 Core/Src/emka_fotodetector.o
 .debug_macro   0x0000000000000de1       0x3c Core/Src/emka_fotodetector.o
 .debug_macro   0x0000000000000e1d       0x34 Core/Src/emka_fotodetector.o
 .debug_macro   0x0000000000000e51       0x16 Core/Src/emka_fotodetector.o
 .debug_macro   0x0000000000000e67      0x10e Core/Src/emka_fotodetector.o
 .debug_macro   0x0000000000000f75       0x8d Core/Src/emka_fotodetector.o
 .debug_macro   0x0000000000001002       0x57 Core/Src/emka_fotodetector.o
 .debug_macro   0x0000000000001059       0x52 Core/Src/emka_fotodetector.o
 .debug_macro   0x00000000000010ab       0x1f Core/Src/emka_fotodetector.o
 .debug_macro   0x00000000000010ca       0x43 Core/Src/emka_fotodetector.o
 .debug_macro   0x000000000000110d       0x20 Core/Src/emka_fotodetector.o
 .debug_macro   0x000000000000112d      0x1a3 Core/Src/emka_fotodetector.o
 .debug_macro   0x00000000000012d0      0x330 Core/Src/emka_fotodetector.o
 .debug_macro   0x0000000000001600       0x16 Core/Src/emka_fotodetector.o
 .debug_macro   0x0000000000001616       0x29 Core/Src/emka_fotodetector.o
 .debug_macro   0x000000000000163f      0x221 Core/Src/emka_fotodetector.o
 .debug_macro   0x0000000000001860       0x2e Core/Src/emka_fotodetector.o
 .debug_macro   0x000000000000188e       0x22 Core/Src/emka_fotodetector.o
 .debug_macro   0x00000000000018b0       0xef Core/Src/emka_fotodetector.o
 .debug_macro   0x000000000000199f       0x6a Core/Src/emka_fotodetector.o
 .debug_macro   0x0000000000001a09      0x1df Core/Src/emka_fotodetector.o
 .debug_macro   0x0000000000001be8       0x1c Core/Src/emka_fotodetector.o
 .debug_macro   0x0000000000001c04       0x22 Core/Src/emka_fotodetector.o
 .debug_macro   0x0000000000001c26       0xbd Core/Src/emka_fotodetector.o
 .debug_macro   0x0000000000001ce3      0xd23 Core/Src/emka_fotodetector.o
 .debug_macro   0x0000000000002a06     0xe097 Core/Src/emka_fotodetector.o
 .debug_macro   0x0000000000010a9d       0x43 Core/Src/emka_fotodetector.o
 .debug_macro   0x0000000000010ae0     0x3468 Core/Src/emka_fotodetector.o
 .debug_macro   0x0000000000013f48       0x56 Core/Src/emka_fotodetector.o
 .debug_macro   0x0000000000013f9e      0x5be Core/Src/emka_fotodetector.o
 .debug_macro   0x000000000001455c      0x289 Core/Src/emka_fotodetector.o
 .debug_macro   0x00000000000147e5      0x1cb Core/Src/emka_fotodetector.o
 .debug_macro   0x00000000000149b0      0x114 Core/Src/emka_fotodetector.o
 .debug_macro   0x0000000000014ac4      0x1b2 Core/Src/emka_fotodetector.o
 .debug_macro   0x0000000000014c76       0x27 Core/Src/emka_fotodetector.o
 .debug_macro   0x0000000000014c9d      0x136 Core/Src/emka_fotodetector.o
 .debug_macro   0x0000000000014dd3      0x1bc Core/Src/emka_fotodetector.o
 .debug_macro   0x0000000000014f8f       0x34 Core/Src/emka_fotodetector.o
 .debug_macro   0x0000000000014fc3       0x3c Core/Src/emka_fotodetector.o
 .debug_macro   0x0000000000014fff       0x57 Core/Src/emka_fotodetector.o
 .debug_macro   0x0000000000015056      0x46a Core/Src/emka_fotodetector.o
 .debug_macro   0x00000000000154c0      0x1b5 Core/Src/emka_fotodetector.o
 .debug_macro   0x0000000000015675       0x88 Core/Src/emka_fotodetector.o
 .debug_macro   0x00000000000156fd      0x241 Core/Src/emka_fotodetector.o
 .debug_macro   0x000000000001593e      0x141 Core/Src/emka_fotodetector.o
 .debug_macro   0x0000000000015a7f      0x1ef Core/Src/emka_fotodetector.o
 .debug_macro   0x0000000000015c6e       0xec Core/Src/emka_fotodetector.o
 .debug_macro   0x0000000000015d5a      0x217 Core/Src/emka_fotodetector.o
 .debug_macro   0x0000000000015f71       0x83 Core/Src/emka_fotodetector.o
 .debug_macro   0x0000000000015ff4      0x288 Core/Src/emka_led_clock.o
 .debug_macro   0x000000000001627c       0x22 Core/Src/emka_led_clock.o
 .debug_macro   0x000000000001629e      0x2a6 Core/Src/main.o
 .debug_macro   0x0000000000016544       0x8e Core/Src/main.o
 .debug_macro   0x00000000000165d2       0x51 Core/Src/main.o
 .debug_macro   0x0000000000016623       0xc3 Core/Src/main.o
 .debug_macro   0x00000000000166e6      0x174 Core/Src/main.o
 .debug_macro   0x000000000001685a       0x5c Core/Src/main.o
 .debug_macro   0x00000000000168b6       0x83 Core/Src/main.o
 .debug_macro   0x0000000000016939       0x46 Core/Src/main.o
 .debug_macro   0x000000000001697f       0x35 Core/Src/main.o
 .debug_macro   0x00000000000169b4      0x32a Core/Src/main.o
 .debug_macro   0x0000000000016cde      0x2a6 Core/Src/stm32f1xx_hal_msp.o
 .debug_macro   0x0000000000016f84      0x2b0 Core/Src/stm32f1xx_it.o
 .debug_macro   0x0000000000017234      0x1ae Core/Src/sysmem.o
 .debug_macro   0x00000000000173e2      0x23b Core/Src/sysmem.o
 .debug_macro   0x000000000001761d       0x16 Core/Src/sysmem.o
 .debug_macro   0x0000000000017633      0x1b6 Core/Src/system_stm32f1xx.o
 .debug_macro   0x00000000000177e9      0x279 Core/Src/ws2812b.o
 .debug_macro   0x0000000000017a62      0x1da Drivers/STM32F1xx_HAL_Driver/Src/stm32f1xx_hal.o
 .debug_macro   0x0000000000017c3c      0x1d3 Drivers/STM32F1xx_HAL_Driver/Src/stm32f1xx_hal_adc.o
 .debug_macro   0x0000000000017e0f      0x1c8 Drivers/STM32F1xx_HAL_Driver/Src/stm32f1xx_hal_adc_ex.o
 .debug_macro   0x0000000000017fd7      0x1b6 Drivers/STM32F1xx_HAL_Driver/Src/stm32f1xx_hal_cortex.o
 .debug_macro   0x000000000001818d      0x221 Drivers/STM32F1xx_HAL_Driver/Src/stm32f1xx_hal_gpio.o
 .debug_macro   0x00000000000183ae      0x216 Drivers/STM32F1xx_HAL_Driver/Src/stm32f1xx_hal_pwr.o
 .debug_macro   0x00000000000185c4      0x1c8 Drivers/STM32F1xx_HAL_Driver/Src/stm32f1xx_hal_rcc.o
 .debug_macro   0x000000000001878c      0x1b6 Drivers/STM32F1xx_HAL_Driver/Src/stm32f1xx_hal_rcc_ex.o
 .debug_macro   0x0000000000018942      0x1c5 Drivers/STM32F1xx_HAL_Driver/Src/stm32f1xx_hal_rtc.o
 .debug_macro   0x0000000000018b07      0x1be Drivers/STM32F1xx_HAL_Driver/Src/stm32f1xx_hal_spi.o

.debug_line     0x0000000000000000     0xa646
 .debug_line    0x0000000000000000      0x81d Core/Src/emka_fotodetector.o
 .debug_line    0x000000000000081d      0x970 Core/Src/emka_led_clock.o
 .debug_line    0x000000000000118d      0x931 Core/Src/main.o
 .debug_line    0x0000000000001abe      0x8bd Core/Src/stm32f1xx_hal_msp.o
 .debug_line    0x000000000000237b      0x8ef Core/Src/stm32f1xx_it.o
 .debug_line    0x0000000000002c6a      0x55e Core/Src/sysmem.o
 .debug_line    0x00000000000031c8      0x6cf Core/Src/system_stm32f1xx.o
 .debug_line    0x0000000000003897      0x888 Core/Src/ws2812b.o
 .debug_line    0x000000000000411f       0x84 Core/Startup/startup_stm32f103c8tx.o
 .debug_line    0x00000000000041a3      0x882 Drivers/STM32F1xx_HAL_Driver/Src/stm32f1xx_hal.o
 .debug_line    0x0000000000004a25      0xbd3 Drivers/STM32F1xx_HAL_Driver/Src/stm32f1xx_hal_adc.o
 .debug_line    0x00000000000055f8      0xa16 Drivers/STM32F1xx_HAL_Driver/Src/stm32f1xx_hal_adc_ex.o
 .debug_line    0x000000000000600e      0x959 Drivers/STM32F1xx_HAL_Driver/Src/stm32f1xx_hal_cortex.o
 .debug_line    0x0000000000006967      0x87e Drivers/STM32F1xx_HAL_Driver/Src/stm32f1xx_hal_gpio.o
 .debug_line    0x00000000000071e5      0x825 Drivers/STM32F1xx_HAL_Driver/Src/stm32f1xx_hal_pwr.o
 .debug_line    0x0000000000007a0a      0x942 Drivers/STM32F1xx_HAL_Driver/Src/stm32f1xx_hal_rcc.o
 .debug_line    0x000000000000834c      0x760 Drivers/STM32F1xx_HAL_Driver/Src/stm32f1xx_hal_rcc_ex.o
 .debug_line    0x0000000000008aac      0xb2d Drivers/STM32F1xx_HAL_Driver/Src/stm32f1xx_hal_rtc.o
 .debug_line    0x00000000000095d9     0x106d Drivers/STM32F1xx_HAL_Driver/Src/stm32f1xx_hal_spi.o

.debug_str      0x0000000000000000    0x892d4
 .debug_str     0x0000000000000000    0x84ee0 Core/Src/emka_fotodetector.o
                                      0x85321 (size before relaxing)
 .debug_str     0x0000000000084ee0      0x43b Core/Src/emka_led_clock.o
                                      0x855bc (size before relaxing)
 .debug_str     0x000000000008531b      0x466 Core/Src/main.o
                                      0x85a89 (size before relaxing)
 .debug_str     0x0000000000085781      0x32e Core/Src/stm32f1xx_hal_msp.o
                                      0x85b58 (size before relaxing)
 .debug_str     0x0000000000085aaf       0xbd Core/Src/stm32f1xx_it.o
                                      0x856e8 (size before relaxing)
 .debug_str     0x0000000000085b6c     0x1682 Core/Src/sysmem.o
                                       0x7adf (size before relaxing)
 .debug_str     0x00000000000871ee       0x52 Core/Src/system_stm32f1xx.o
                                      0x81ff4 (size before relaxing)
 .debug_str     0x0000000000087240       0x63 Core/Src/ws2812b.o
                                      0x853eb (size before relaxing)
 .debug_str     0x00000000000872a3       0x36 Core/Startup/startup_stm32f103c8tx.o
                                         0x84 (size before relaxing)
 .debug_str     0x00000000000872d9      0x2fa Drivers/STM32F1xx_HAL_Driver/Src/stm32f1xx_hal.o
                                      0x82685 (size before relaxing)
 .debug_str     0x00000000000875d3      0x363 Drivers/STM32F1xx_HAL_Driver/Src/stm32f1xx_hal_adc.o
                                      0x82684 (size before relaxing)
 .debug_str     0x0000000000087936      0x2fb Drivers/STM32F1xx_HAL_Driver/Src/stm32f1xx_hal_adc_ex.o
                                      0x82639 (size before relaxing)
 .debug_str     0x0000000000087c31      0x300 Drivers/STM32F1xx_HAL_Driver/Src/stm32f1xx_hal_cortex.o
                                      0x8268d (size before relaxing)
 .debug_str     0x0000000000087f31      0x324 Drivers/STM32F1xx_HAL_Driver/Src/stm32f1xx_hal_gpio.o
                                      0x823b8 (size before relaxing)
 .debug_str     0x0000000000088255      0x507 Drivers/STM32F1xx_HAL_Driver/Src/stm32f1xx_hal_pwr.o
                                      0x82557 (size before relaxing)
 .debug_str     0x000000000008875c      0x243 Drivers/STM32F1xx_HAL_Driver/Src/stm32f1xx_hal_rcc.o
                                      0x823f1 (size before relaxing)
 .debug_str     0x000000000008899f       0xb9 Drivers/STM32F1xx_HAL_Driver/Src/stm32f1xx_hal_rcc_ex.o
                                      0x8217e (size before relaxing)
 .debug_str     0x0000000000088a58      0x339 Drivers/STM32F1xx_HAL_Driver/Src/stm32f1xx_hal_rtc.o
                                      0x82504 (size before relaxing)
 .debug_str     0x0000000000088d91      0x543 Drivers/STM32F1xx_HAL_Driver/Src/stm32f1xx_hal_spi.o
                                      0x828f9 (size before relaxing)

.comment        0x0000000000000000       0x7b
 .comment       0x0000000000000000       0x7b Core/Src/emka_fotodetector.o
                                         0x7c (size before relaxing)
 .comment       0x000000000000007b       0x7c Core/Src/emka_led_clock.o
 .comment       0x000000000000007b       0x7c Core/Src/main.o
 .comment       0x000000000000007b       0x7c Core/Src/stm32f1xx_hal_msp.o
 .comment       0x000000000000007b       0x7c Core/Src/stm32f1xx_it.o
 .comment       0x000000000000007b       0x7c Core/Src/sysmem.o
 .comment       0x000000000000007b       0x7c Core/Src/system_stm32f1xx.o
 .comment       0x000000000000007b       0x7c Core/Src/ws2812b.o
 .comment       0x000000000000007b       0x7c Drivers/STM32F1xx_HAL_Driver/Src/stm32f1xx_hal.o
 .comment       0x000000000000007b       0x7c Drivers/STM32F1xx_HAL_Driver/Src/stm32f1xx_hal_adc.o
 .comment       0x000000000000007b       0x7c Drivers/STM32F1xx_HAL_Driver/Src/stm32f1xx_hal_adc_ex.o
 .comment       0x000000000000007b       0x7c Drivers/STM32F1xx_HAL_Driver/Src/stm32f1xx_hal_cortex.o
 .comment       0x000000000000007b       0x7c Drivers/STM32F1xx_HAL_Driver/Src/stm32f1xx_hal_gpio.o
 .comment       0x000000000000007b       0x7c Drivers/STM32F1xx_HAL_Driver/Src/stm32f1xx_hal_pwr.o
 .comment       0x000000000000007b       0x7c Drivers/STM32F1xx_HAL_Driver/Src/stm32f1xx_hal_rcc.o
 .comment       0x000000000000007b       0x7c Drivers/STM32F1xx_HAL_Driver/Src/stm32f1xx_hal_rcc_ex.o
 .comment       0x000000000000007b       0x7c Drivers/STM32F1xx_HAL_Driver/Src/stm32f1xx_hal_rtc.o
 .comment       0x000000000000007b       0x7c Drivers/STM32F1xx_HAL_Driver/Src/stm32f1xx_hal_spi.o

.debug_frame    0x0000000000000000     0x27c4
 .debug_frame   0x0000000000000000       0x5c Core/Src/emka_fotodetector.o
 .debug_frame   0x000000000000005c      0x160 Core/Src/emka_led_clock.o
 .debug_frame   0x00000000000001bc       0xfc Core/Src/main.o
 .debug_frame   0x00000000000002b8      0x114 Core/Src/stm32f1xx_hal_msp.o
 .debug_frame   0x00000000000003cc      0x128 Core/Src/stm32f1xx_it.o
 .debug_frame   0x00000000000004f4       0x34 Core/Src/sysmem.o
 .debug_frame   0x0000000000000528       0x58 Core/Src/system_stm32f1xx.o
 .debug_frame   0x0000000000000580       0x88 Core/Src/ws2812b.o
 .debug_frame   0x0000000000000608      0x334 Drivers/STM32F1xx_HAL_Driver/Src/stm32f1xx_hal.o
 .debug_frame   0x000000000000093c      0x40c Drivers/STM32F1xx_HAL_Driver/Src/stm32f1xx_hal_adc.o
 .debug_frame   0x0000000000000d48      0x204 Drivers/STM32F1xx_HAL_Driver/Src/stm32f1xx_hal_adc_ex.o
 .debug_frame   0x0000000000000f4c      0x428 Drivers/STM32F1xx_HAL_Driver/Src/stm32f1xx_hal_cortex.o
 .debug_frame   0x0000000000001374      0x14c Drivers/STM32F1xx_HAL_Driver/Src/stm32f1xx_hal_gpio.o
 .debug_frame   0x00000000000014c0      0x270 Drivers/STM32F1xx_HAL_Driver/Src/stm32f1xx_hal_pwr.o
 .debug_frame   0x0000000000001730      0x21c Drivers/STM32F1xx_HAL_Driver/Src/stm32f1xx_hal_rcc.o
 .debug_frame   0x000000000000194c       0x84 Drivers/STM32F1xx_HAL_Driver/Src/stm32f1xx_hal_rcc_ex.o
 .debug_frame   0x00000000000019d0      0x434 Drivers/STM32F1xx_HAL_Driver/Src/stm32f1xx_hal_rtc.o
 .debug_frame   0x0000000000001e04      0x824 Drivers/STM32F1xx_HAL_Driver/Src/stm32f1xx_hal_spi.o
 .debug_frame   0x0000000000002628       0x20 c:/st/stm32cubeide_1.3.0/stm32cubeide/plugins/com.st.stm32cube.ide.mcu.externaltools.gnu-tools-for-stm32.7-2018-q2-update.win32_1.0.0.201904181610/tools/bin/../lib/gcc/arm-none-eabi/7.3.1/../../../../arm-none-eabi/lib/thumb/v7-m\libc_nano.a(lib_a-calloc.o)
 .debug_frame   0x0000000000002648       0x20 c:/st/stm32cubeide_1.3.0/stm32cubeide/plugins/com.st.stm32cube.ide.mcu.externaltools.gnu-tools-for-stm32.7-2018-q2-update.win32_1.0.0.201904181610/tools/bin/../lib/gcc/arm-none-eabi/7.3.1/../../../../arm-none-eabi/lib/thumb/v7-m\libc_nano.a(lib_a-errno.o)
 .debug_frame   0x0000000000002668       0x2c c:/st/stm32cubeide_1.3.0/stm32cubeide/plugins/com.st.stm32cube.ide.mcu.externaltools.gnu-tools-for-stm32.7-2018-q2-update.win32_1.0.0.201904181610/tools/bin/../lib/gcc/arm-none-eabi/7.3.1/../../../../arm-none-eabi/lib/thumb/v7-m\libc_nano.a(lib_a-init.o)
 .debug_frame   0x0000000000002694       0x20 c:/st/stm32cubeide_1.3.0/stm32cubeide/plugins/com.st.stm32cube.ide.mcu.externaltools.gnu-tools-for-stm32.7-2018-q2-update.win32_1.0.0.201904181610/tools/bin/../lib/gcc/arm-none-eabi/7.3.1/../../../../arm-none-eabi/lib/thumb/v7-m\libc_nano.a(lib_a-memset.o)
 .debug_frame   0x00000000000026b4       0x2c c:/st/stm32cubeide_1.3.0/stm32cubeide/plugins/com.st.stm32cube.ide.mcu.externaltools.gnu-tools-for-stm32.7-2018-q2-update.win32_1.0.0.201904181610/tools/bin/../lib/gcc/arm-none-eabi/7.3.1/../../../../arm-none-eabi/lib/thumb/v7-m\libc_nano.a(lib_a-nano-callocr.o)
 .debug_frame   0x00000000000026e0       0x2c c:/st/stm32cubeide_1.3.0/stm32cubeide/plugins/com.st.stm32cube.ide.mcu.externaltools.gnu-tools-for-stm32.7-2018-q2-update.win32_1.0.0.201904181610/tools/bin/../lib/gcc/arm-none-eabi/7.3.1/../../../../arm-none-eabi/lib/thumb/v7-m\libc_nano.a(lib_a-nano-mallocr.o)
 .debug_frame   0x000000000000270c       0x2c c:/st/stm32cubeide_1.3.0/stm32cubeide/plugins/com.st.stm32cube.ide.mcu.externaltools.gnu-tools-for-stm32.7-2018-q2-update.win32_1.0.0.201904181610/tools/bin/../lib/gcc/arm-none-eabi/7.3.1/../../../../arm-none-eabi/lib/thumb/v7-m\libc_nano.a(lib_a-sbrkr.o)
 .debug_frame   0x0000000000002738       0x30 c:/st/stm32cubeide_1.3.0/stm32cubeide/plugins/com.st.stm32cube.ide.mcu.externaltools.gnu-tools-for-stm32.7-2018-q2-update.win32_1.0.0.201904181610/tools/bin/../lib/gcc/arm-none-eabi/7.3.1/../../../../arm-none-eabi/lib/thumb/v7-m\libc_nano.a(lib_a-mlock.o)
 .debug_frame   0x0000000000002768       0x5c c:/st/stm32cubeide_1.3.0/stm32cubeide/plugins/com.st.stm32cube.ide.mcu.externaltools.gnu-tools-for-stm32.7-2018-q2-update.win32_1.0.0.201904181610/tools/bin/../lib/gcc/arm-none-eabi/7.3.1/../../../../arm-none-eabi/lib/thumb/v7-m\libc_nano.a(lib_a-reent.o)
